ok 2 - sentinel_chainstack_leg_consumes_real_form_bodies — A-8 (C-3 full list): the guarded leg is fed bodies in the FORM the RPC endpoint really produces — {jsonrpc,id,result} success resolves the result verbatim; {error:{code,message}} at HTTP 200 THROWS (never resolves undefined); HTTP 429 + Retry-After throws a TransportError carrying retryAfterMs (the CALLER honors the backoff); HTTP 403 throws with NO retryAfterMs (structurally never retried)
# Subtest: sentinel_chainstack_caps_cover_the_g0_m7_stress_bound — the pinned caps NEVER refuse at the G0 M-7 borne haute (~322 attempts, all-on-chainstack: a STRESS bound, NOT this lot's measurement — the REAL per-day count is measured in the e2e below): 322 guarded calls ledger 0 'refused', each per-method count under its cap, run RU under the run cap
ok 3 - sentinel_chainstack_caps_cover_the_g0_m7_stress_bound — the pinned caps NEVER refuse at the G0 M-7 borne haute (~322 attempts, all-on-chainstack: a STRESS bound, NOT this lot's measurement — the REAL per-day count is measured in the e2e below): 322 guarded calls ledger 0 'refused', each per-method count under its cap, run RU under the run cap
# Subtest: chainstack_refusal_degrades_to_keyless_quorum_not_stopped_day — a guarded REFUSAL (BudgetExceededError, a cap touched mid-run) throws from the dispatcher; makeRpcPool benches the chainstack leg like any endpoint and the value read completes on the keyless quorum — the day is NOT stopped (D-caps)
ok 4 - chainstack_refusal_degrades_to_keyless_quorum_not_stopped_day — a guarded REFUSAL (BudgetExceededError, a cap touched mid-run) throws from the dispatcher; makeRpcPool benches the chainstack leg like any endpoint and the value read completes on the keyless quorum — the day is NOT stopped (D-caps)
# Subtest: sentinel_chainstack_leg_uses_20s_timeout — the guarded leg is opened with timeoutMs = KEYLESS_TIMEOUT_MS = 20 s (M-10), NOT the guard's 30 s default; a mutant setting 30_000 (constant) or omitting timeoutMs (run.ts) reds
ok 5 - sentinel_chainstack_leg_uses_20s_timeout — the guarded leg is opened with timeoutMs = KEYLESS_TIMEOUT_MS = 20 s (M-10), NOT the guard's 30 s default; a mutant setting 30_000 (constant) or omitting timeoutMs (run.ts) reds
# Subtest: sentinel_guard_open_error_classifier_is_a_closed_set — classifyGuardOpenError maps every open failure to the closed chainstack_guard set, never a message (D-degrade)
ok 6 - sentinel_guard_open_error_classifier_is_a_closed_set — classifyGuardOpenError maps every open failure to the closed chainstack_guard set, never a message (D-degrade)
# Subtest: sentinel_chainstack_guard_ok_ledgers_publishes_origin_and_releases_lock — the REAL run.ts opens the leg, drives the degraded-pool quorum through the guard (attempted lines stamped network:ethereum-mainnet), publishes the chainstack.com ORIGIN as the 8th endpoint (C-6), reproduces the published line_hash (M-11), releases the cycle lock at exit (unlocked line, no .lock), and never leaks the key (CA-11 branchement)
ok 7 - sentinel_chainstack_guard_ok_ledgers_publishes_origin_and_releases_lock — the REAL run.ts opens the leg, drives the degraded-pool quorum through the guard (attempted lines stamped network:ethereum-mainnet), publishes the chainstack.com ORIGIN as the 8th endpoint (C-6), reproduces the published line_hash (M-11), releases the cycle lock at exit (unlocked line, no .lock), and never leaks the key (CA-11 branchement)
# Subtest: sentinel_guard_open_failure_degrades_to_keyless_and_publishes — with the cycle config present but the ledger PARENT absent (C-8), openChainstackLeg fails to open: run.ts degrades to the 7 keyless endpoints, publishes NO origin (C-6), chainstack=false, chainstack_guard=ledger_error, exit 0 — a mutant removing the try/catch would FATAL the whole run (D-degrade)
ok 8 - sentinel_guard_open_failure_degrades_to_keyless_and_publishes — with the cycle config present but the ledger PARENT absent (C-8), openChainstackLeg fails to open: run.ts degrades to the 7 keyless endpoints, publishes NO origin (C-6), chainstack=false, chainstack_guard=ledger_error, exit 0 — a mutant removing the try/catch would FATAL the whole run (D-degrade)
# Subtest: sentinel_run_re_acquires_lock_after_clean_exit — because run 1 released the cycle lock (finally), run 2 opens the leg again (no LockHeldError): both runs are chainstack_guard=ok. A mutant dropping the finally release makes run 2 read lock_held and reds (D-lock i)
ok 9 - sentinel_run_re_acquires_lock_after_clean_exit — because run 1 released the cycle lock (finally), run 2 opens the leg again (no LockHeldError): both runs are chainstack_guard=ok. A mutant dropping the finally release makes run 2 read lock_held and reds (D-lock i)
# Subtest: sentinel_run_releases_chainstack_lock_on_sigterm — a SIGTERM (a TimeoutStartSec kill) fires run.ts's handler, which runs the served unlock synchronously and exits, so the cycle lock is released even on a kill. WIN32 SKIP is declared + NON-vacuous: on non-win32 (CI ubuntu-latest) the body RUNS; on win32 process.kill is a hard kill with no handler and the RUNBOOK unlock covers a SIGKILL (C-7)
ok 10 - sentinel_run_releases_chainstack_lock_on_sigterm — a SIGTERM (a TimeoutStartSec kill) fires run.ts's handler, which runs the served unlock synchronously and exits, so the cycle lock is released even on a kill. WIN32 SKIP is declared + NON-vacuous: on non-win32 (CI ubuntu-latest) the body RUNS; on win32 process.kill is a hard kill with no handler and the RUNBOOK unlock covers a SIGKILL (C-7)
# tests 10
# suites 0
# pass 10
# fail 0
# cancelled 0
# skipped 0
# duration_ms 1208.055222
