# Run 2 (V6): the SIGTERM handler registration removed, same command
# tree: HEAD 57d0ee5dd4dcd3b6494e6ae09dfd4a8080c43f44 (git rev-parse HEAD), tree a03161c2293e924d541d64d5a903bb4a48ae6cab
# platform: Linux 6.18.44-fc-v80 x86_64, native (docker client present, no daemon: docker info cannot reach the socket)
# node: v24.21.0
# command (cwd = the worktree root, paid-key and token variable names removed from the environment): node --test --test-reporter=tap --test-timeout=120000 apps/sentinel/test/sentinel-chainstack-guard.test.ts
# mutation: apps/sentinel/src/run.ts:342 emptied (SDL, the existing killer of the SIGTERM tests); before: "  process.on(\"SIGTERM\", onSigterm);", after: ""
# apps/sentinel/src/run.ts sha256 before b3b107033ceee8d060390c07ba37a98ea0360e5e0b0f6faf6faad15f5c6f81b5, mutated 1972d6e7fb20779c091a260aeea03b5d1e3cc2cc2acb5fedd9caeacfc51edcc0, restored b3b107033ceee8d060390c07ba37a98ea0360e5e0b0f6faf6faad15f5c6f81b5 (equal to before: true)
# start 2026-10-08T11:10:52.430Z, end 2026-10-08T11:10:56.228Z, exit 1, signal null
# full TAP sha256 f0a64d71c1b54ff392a4d00cf7dc02c2704a992708a9bf894ac146df4c5e2bf2 (179 lines, kept outside the repository)
ok 1 - sentinel_chainstack_leg_writes_ledger_line_before_fetch — client.call write-aheads a chained ledger line (network:ethereum-mainnet) to disk BEFORE the transport fetch fires; makeDispatchCall routes the paid LABEL to the guard, so a mutant that fetches raw (no ledger) reds (CA-11; decision 121; C-4)
ok 2 - sentinel_chainstack_leg_consumes_real_form_bodies — A-8 (C-3 full list): the guarded leg is fed bodies in the FORM the RPC endpoint really produces — {jsonrpc,id,result} success resolves the result verbatim; {error:{code,message}} at HTTP 200 THROWS (never resolves undefined); HTTP 429 + Retry-After throws a TransportError carrying retryAfterMs (the CALLER honors the backoff); HTTP 403 throws with NO retryAfterMs (structurally never retried)
ok 3 - sentinel_chainstack_caps_cover_the_g0_m7_stress_bound — the pinned caps NEVER refuse at the G0 M-7 borne haute (~322 attempts, all-on-chainstack: a STRESS bound, NOT this lot's measurement — the REAL per-day count is measured in the e2e below): 322 guarded calls ledger 0 'refused', each per-method count under its cap, run RU under the run cap
ok 4 - chainstack_refusal_degrades_to_keyless_quorum_not_stopped_day — a guarded REFUSAL (BudgetExceededError, a cap touched mid-run) throws from the dispatcher; makeRpcPool benches the chainstack leg like any endpoint and the value read completes on the keyless quorum — the day is NOT stopped (D-caps)
ok 5 - sentinel_chainstack_leg_uses_20s_timeout — the guarded leg is opened with timeoutMs = KEYLESS_TIMEOUT_MS = 20 s (M-10), NOT the guard's 30 s default; a mutant setting 30_000 (constant) or omitting timeoutMs (run.ts) reds
ok 6 - sentinel_guard_open_error_classifier_is_a_closed_set — classifyGuardOpenError maps every open failure to the closed chainstack_guard set, never a message (D-degrade)
ok 7 - sentinel_chainstack_guard_ok_ledgers_publishes_origin_and_releases_lock — the REAL run.ts opens the leg, drives the degraded-pool quorum through the guard (attempted lines stamped network:ethereum-mainnet), publishes the chainstack.com ORIGIN as the 8th endpoint (C-6), reproduces the published line_hash (M-11), releases the cycle lock at exit (unlocked line, no .lock), and never leaks the key (CA-11 branchement)
ok 8 - sentinel_guard_open_failure_degrades_to_keyless_and_publishes — with the cycle config present but the ledger PARENT absent (C-8), openChainstackLeg fails to open: run.ts degrades to the 7 keyless endpoints, publishes NO origin (C-6), chainstack=false, chainstack_guard=ledger_error, exit 0 — a mutant removing the try/catch would FATAL the whole run (D-degrade)
ok 9 - sentinel_chainstack_floor_malformed_is_config_error — with the cycle + origin present but CHAINSTACK_CYCLE_FLOOR malformed (for each of 'abc' NaN, '-3' negative, '12.5' float), chainstackFloorFromEnv throws INSIDE openChainstackLeg's try BEFORE openGuardedClient, so the real run.ts degrades: chainstack_guard=config_error, chainstack=false, exit 0, the 7 keyless endpoints only, and NO .lock / NO ledger line is written (the throw precedes any metering). A mutant dropping the non-negative-integer floor regex lets a NEGATIVE '-3' and a float '12.5' pass assertLimits (finite, <= cap) so the leg opens 'ok' — reddening every value except 'abc' (NaN is still caught by assertLimits). C-V-3 / C-G2-2
ok 10 - sentinel_chainstack_origin_absent_is_unconfigured — with CHAINSTACK_CYCLE_ID present but CHAINSTACK_ETH_ORIGIN absent (guardEnv origin:false), openChainstackLeg returns unconfigured BEFORE opening (the origin is the Bell probe's provenance, required to SERVE the leg): the real run.ts degrades to the 7 keyless endpoints, chainstack=false, chainstack_guard=unconfigured, exit 0, and every published endpoint is a non-empty string (NO null/undefined). A mutant dropping the 'origin === undefined' half of the guard opens the leg 'ok' and publishes undefined as the 8th endpoint (a null in the served line) — reddening here (A-10 output binding). C-V-2 / C-G2-2
ok 11 - sentinel_chainstack_origin_empty_is_unconfigured — CHAINSTACK_ETH_ORIGIN="" with the cycle id present: unconfigured, the 7 public endpoints verbatim, no ledger. A mutant dropping the empty-origin half opens the leg and publishes "" as the 8th endpoint (C-G2D-2, G2D-4)
ok 12 - sentinel_chainstack_cycle_empty_is_unconfigured — CHAINSTACK_CYCLE_ID="" with the origin present: unconfigured, the 7 public endpoints verbatim, no ledger. A mutant dropping the empty-cycle half opens the leg on the ledger root, outside any cycle (C-G2D-2, G2D-5)
ok 13 - sentinel_run_re_acquires_lock_after_clean_exit — because run 1 released the cycle lock (finally), run 2 opens the leg again (no LockHeldError): both runs are chainstack_guard=ok. A mutant dropping the finally release makes run 2 read lock_held and reds (D-lock i)
not ok 14 - sentinel_run_releases_chainstack_lock_on_sigterm — a SIGTERM (a TimeoutStartSec kill) fires run.ts's handler, which runs the served unlock synchronously and exits, so the cycle lock is released even on a kill. WIN32 SKIP is declared + NON-vacuous: on non-win32 (CI ubuntu-latest) the body RUNS; on win32 process.kill is a hard kill with no handler and the RUNBOOK unlock covers a SIGKILL (C-7)
#   reason of not ok 14: 'ERR_ASSERTION' 'the child exited after SIGTERM (the handler ran then process.exit); signal=SIGTERM stderr=""'
not ok 15 - sentinel_sigterm_after_lock_acquired_before_handler_releases_lock — a SIGTERM delivered right after the cycle lock is written and closed (the start-up window of the base: lock held, before the old process.on) is handled: exit 1, no .lock, a chained unlocked line (SENTINEL-SIGTERM-STARTUP-WINDOW-1). WIN32 SKIP declared: process.kill is a hard kill there
#   reason of not ok 15: 'ERR_ASSERTION' the child was NOT killed by the signal: the handler, installed before the lock, ran (signal=SIGTERM)
not ok 16 - sentinel_sigterm_while_lock_acquiring_releases_lock — a SIGTERM delivered just before the lock's exclusive open (acquisition in progress) is queued; the handler runs once the synchronous acquisition is done and releases the lock: exit 1, no .lock, a chained unlocked line (SENTINEL-SIGTERM-STARTUP-WINDOW-1). WIN32 SKIP declared
#   reason of not ok 16: 'ERR_ASSERTION' the child was NOT killed by the signal: the handler, installed before the lock, ran (signal=SIGTERM)
not ok 17 - sentinel_sigterm_without_leg_exits_1_and_creates_no_ledger — with no paid leg (CHAINSTACK_CYCLE_ID absent => unconfigured, no lock ever taken) a SIGTERM at the first fetch runs the same handler, which releases nothing and exits 1: no .lock, no cycle ledger created (SENTINEL-SIGTERM-STARTUP-WINDOW-1). WIN32 SKIP declared
#   reason of not ok 17: 'ERR_ASSERTION' the child was NOT killed by the signal: the handler is installed on every run (signal=SIGTERM)
# tests 17
# suites 0
# pass 13
# fail 4
# cancelled 0
# skipped 0
# todo 0
# duration_ms 3743.057324
